koyasujun@junnoMacBook-Air git_challenge % # カレントディレクトリにローカルリポジトリを新規作成する
git init

zsh: command not found: #
Initialized empty Git repository in /Users/koyasujun/Desktop/git_challenge/.git/
koyasujun@junnoMacBook-Air git_challenge % git init
Reinitialized existing Git repository in /Users/koyasujun/Desktop/git_challenge/.git/
koyasujun@junnoMacBook-Air git_challenge % git add hello_world.txt
koyasujun@junnoMacBook-Air git_challenge % git commit -m "hello_world.txtを追加"
[main (root-commit) 97d13b0] hello_world.txtを追加
 1 file changed, 1 insertion(+)
 create mode 100644 hello_world.txt
koyasujun@junnoMacBook-Air git_challenge % git add hello_world.txt
koyasujun@junnoMacBook-Air git_challenge % git commit -m "日本語訳を追記"
[main 8d3f035] 日本語訳を追記
 1 file changed, 2 insertions(+), 1 deletion(-)
koyasujun@junnoMacBook-Air git_challenge % git log
commit 8d3f03596085637eb1019280741d6e591435b204 (HEAD -> main)
Author: junkoyasu <ujnk.28@gmail.com>
Date:   Mon Feb 26 22:27:44 2024 +0900

    日本語訳を追記

commit 97d13b036c3410812c98b15bdeb2c58210d415ac
Author: junkoyasu <ujnk.28@gmail.com>
Date:   Mon Feb 26 22:26:18 2024 +0900

    hello_world.txtを追加
koyasujun@junnoMacBook-Air git_challenge % git log --oneline
8d3f035 (HEAD -> main) 日本語訳を追記
97d13b0 hello_world.txtを追加
koyasujun@junnoMacBook-Air git_challenge % 